Input #0, mov,mp4,m4a,3gp,3g2,mj2, from 'output/demo/v3/counterfactual-worlds-60s.mp4':
  Metadata:
    major_brand     : isom
    minor_version   : 512
    compatible_brands: isomiso2avc1mp41
    encoder         : Lavf61.7.100
  Duration: 00:01:00.00, start: 0.000000, bitrate: 970 kb/s
  Stream #0:0[0x1](und): Video: h264 (High) (avc1 / 0x31637661), yuv420p(tv, bt709, progressive), 1920x1080 [SAR 1:1 DAR 16:9], 814 kb/s, 30 fps, 30 tbr, 15360 tbn (default)
      Metadata:
        handler_name    : VideoHandler
        vendor_id       : [0][0][0][0]
        encoder         : Lavc61.19.100 libx264
  Stream #0:1[0x2](und): Audio: aac (LC) (mp4a / 0x6134706D), 48000 Hz, mono, fltp, 147 kb/s (default)
      Metadata:
        handler_name    : SoundHandler
        vendor_id       : [0][0][0][0]
[Parsed_volumedetect_0 @ 0x158742160] n_samples: 0
Stream mapping:
  Stream #0:0 -> #0:0 (h264 (native) -> wrapped_avframe (native))
  Stream #0:1 -> #0:1 (aac (native) -> pcm_s16le (native))
Press [q] to stop, [?] for help
Output #0, null, to 'pipe:':
  Metadata:
    major_brand     : isom
    minor_version   : 512
    compatible_brands: isomiso2avc1mp41
    encoder         : Lavf61.7.100
  Stream #0:0(und): Video: wrapped_avframe, yuv420p(tv, bt709, progressive), 1920x1080 [SAR 1:1 DAR 16:9], q=2-31, 200 kb/s, 30 fps, 30 tbn (default)
      Metadata:
        handler_name    : VideoHandler
        vendor_id       : [0][0][0][0]
        encoder         : Lavc61.19.100 wrapped_avframe
  Stream #0:1(und): Audio: pcm_s16le, 48000 Hz, mono, s16, 768 kb/s (default)
      Metadata:
        handler_name    : SoundHandler
        vendor_id       : [0][0][0][0]
        encoder         : Lavc61.19.100 pcm_s16le
frame=  507 fps=0.0 q=-0.0 size=N/A time=00:00:16.90 bitrate=N/A speed=33.7x    frame=  889 fps=882 q=-0.0 size=N/A time=00:00:29.63 bitrate=N/A speed=29.4x    frame= 1260 fps=832 q=-0.0 size=N/A time=00:00:42.00 bitrate=N/A speed=27.7x    frame= 1451 fps=719 q=-0.0 size=N/A time=00:00:48.36 bitrate=N/A speed=  24x    frame= 1704 fps=676 q=-0.0 size=N/A time=00:00:56.80 bitrate=N/A speed=22.5x    [Parsed_volumedetect_0 @ 0x159d0f810] n_samples: 2880512
[Parsed_volumedetect_0 @ 0x159d0f810] mean_volume: -17.3 dB
[Parsed_volumedetect_0 @ 0x159d0f810] max_volume: -1.5 dB
[Parsed_volumedetect_0 @ 0x159d0f810] histogram_1db: 409
[Parsed_volumedetect_0 @ 0x159d0f810] histogram_2db: 1546
[Parsed_volumedetect_0 @ 0x159d0f810] histogram_3db: 3353
[out#0/null @ 0x159908950] video:773KiB audio:5626KiB subtitle:0KiB other streams:0KiB global headers:0KiB muxing overhead: unknown
frame= 1800 fps=652 q=-0.0 Lsize=N/A time=00:01:00.00 bitrate=N/A speed=21.7x    
